20:41:00 **** Build of configuration Debug for project lesson2_blink_w_systick ****
make -j8 all 
arm-none-eabi-gcc -mcpu=cortex-m4 -g3 -DDEBUG -c -I"/home/adailton/Dropbox/projects/STM32-Asm/lesson2_blink_w_systick/Inc" -x assembler-with-cpp -MMD -MP -MF"Startup/startup_stm32f407vetx.d" -MT"Startup/startup_stm32f407vetx.o" --specs=nano.specs -mfpu=fpv4-sp-d16 -mfloat-abi=hard -mthumb -o "Startup/startup_stm32f407vetx.o" "../Startup/startup_stm32f407vetx.s"
arm-none-eabi-gcc -mcpu=cortex-m4 -g3 -DDEBUG -c -I"/home/adailton/Dropbox/projects/STM32-Asm/lesson2_blink_w_systick/Inc" -x assembler-with-cpp -MMD -MP -MF"Src/main.d" -MT"Src/main.o" --specs=nano.specs -mfpu=fpv4-sp-d16 -mfloat-abi=hard -mthumb -o "Src/main.o" "../Src/main.s"
arm-none-eabi-gcc -o "lesson2_blink_w_systick.elf" @"objects.list"   -mcpu=cortex-m4 -T"/home/adailton/Dropbox/projects/STM32-Asm/lesson2_blink_w_systick/STM32F407VETX_FLASH.ld" -Wl,-Map="lesson2_blink_w_systick.map" -Wl,--gc-sections -static --specs=nano.specs -mfpu=fpv4-sp-d16 -mfloat-abi=hard -mthumb -Wl,--start-group -lc -lm -Wl,--end-group
Finished building target: lesson2_blink_w_systick.elf
 
arm-none-eabi-size  lesson2_blink_w_systick.elf 
arm-none-eabi-objdump -h -S lesson2_blink_w_systick.elf  > "lesson2_blink_w_systick.list"
   text	   data	    bss	    dec	    hex	filename
    648	      0	   1568	   2216	    8a8	lesson2_blink_w_systick.elf
Finished building: default.size.stdout
 
Finished building: lesson2_blink_w_systick.list
 
20:44:04 **** Incremental Build of configuration Debug for project lesson1_blink ****
make -j8 all 
arm-none-eabi-size  lesson1_blink.elf 
   text	   data	    bss	    dec	    hex	filename
    648	      0	   1568	   2216	    8a8	lesson1_blink.elf
Finished building: default.size.stdout
 
20:44:04 **** Incremental Build of configuration Debug for project lesson2_blink_w_systick ****
make -j8 all 
arm-none-eabi-gcc -mcpu=cortex-m4 -g3 -DDEBUG -c -I"/home/adailton/Dropbox/projects/STM32-Asm/lesson2_blink_w_systick/Inc" -x assembler-with-cpp -MMD -MP -MF"Src/main.d" -MT"Src/main.o" --specs=nano.specs -mfpu=fpv4-sp-d16 -mfloat-abi=hard -mthumb -o "Src/main.o" "../Src/main.s"
arm-none-eabi-gcc -o "lesson2_blink_w_systick.elf" @"objects.list"   -mcpu=cortex-m4 -T"/home/adailton/Dropbox/projects/STM32-Asm/lesson2_blink_w_systick/STM32F407VETX_FLASH.ld" -Wl,-Map="lesson2_blink_w_systick.map" -Wl,--gc-sections -static --specs=nano.specs -mfpu=fpv4-sp-d16 -mfloat-abi=hard -mthumb -Wl,--start-group -lc -lm -Wl,--end-group
Finished building target: lesson2_blink_w_systick.elf
 
arm-none-eabi-size  lesson2_blink_w_systick.elf 
arm-none-eabi-objdump -h -S lesson2_blink_w_systick.elf  > "lesson2_blink_w_systick.list"
   text	   data	    bss	    dec	    hex	filename
    648	      0	   1568	   2216	    8a8	lesson2_blink_w_systick.elf
Finished building: default.size.stdout
 
Finished building: lesson2_blink_w_systick.list
 
20:44:12 **** Incremental Build of configuration Debug for project lesson1_blink ****
make -j8 all 
arm-none-eabi-size  lesson1_blink.elf 
   text	   data	    bss	    dec	    hex	filename
    648	      0	   1568	   2216	    8a8	lesson1_blink.elf
Finished building: default.size.stdout
 
20:44:12 **** Incremental Build of configuration Debug for project lesson2_blink_w_systick ****
make -j8 all 
arm-none-eabi-gcc -mcpu=cortex-m4 -g3 -DDEBUG -c -I"/home/adailton/Dropbox/projects/STM32-Asm/lesson2_blink_w_systick/Inc" -x assembler-with-cpp -MMD -MP -MF"Src/main.d" -MT"Src/main.o" --specs=nano.specs -mfpu=fpv4-sp-d16 -mfloat-abi=hard -mthumb -o "Src/main.o" "../Src/main.s"
arm-none-eabi-gcc -o "lesson2_blink_w_systick.elf" @"objects.list"   -mcpu=cortex-m4 -T"/home/adailton/Dropbox/projects/STM32-Asm/lesson2_blink_w_systick/STM32F407VETX_FLASH.ld" -Wl,-Map="lesson2_blink_w_systick.map" -Wl,--gc-sections -static --specs=nano.specs -mfpu=fpv4-sp-d16 -mfloat-abi=hard -mthumb -Wl,--start-group -lc -lm -Wl,--end-group
Finished building target: lesson2_blink_w_systick.elf
 
arm-none-eabi-size  lesson2_blink_w_systick.elf 
arm-none-eabi-objdump -h -S lesson2_blink_w_systick.elf  > "lesson2_blink_w_systick.list"
   text	   data	    bss	    dec	    hex	filename
    648	      0	   1568	   2216	    8a8	lesson2_blink_w_systick.elf
Finished building: default.size.stdout
 
Finished building: lesson2_blink_w_systick.list
 
20:45:15 **** Incremental Build of configuration Debug for project lesson1_blink ****
make -j8 all 
arm-none-eabi-size  lesson1_blink.elf 
   text	   data	    bss	    dec	    hex	filename
    648	      0	   1568	   2216	    8a8	lesson1_blink.elf
Finished building: default.size.stdout
 
20:45:15 **** Incremental Build of configuration Debug for project lesson2_blink_w_systick ****
make -j8 all 
arm-none-eabi-gcc -mcpu=cortex-m4 -g3 -DDEBUG -c -I"/home/adailton/Dropbox/projects/STM32-Asm/lesson2_blink_w_systick/Inc" -x assembler-with-cpp -MMD -MP -MF"Src/main.d" -MT"Src/main.o" --specs=nano.specs -mfpu=fpv4-sp-d16 -mfloat-abi=hard -mthumb -o "Src/main.o" "../Src/main.s"
arm-none-eabi-gcc -mcpu=cortex-m4 -g3 -DDEBUG -c -I"/home/adailton/Dropbox/projects/STM32-Asm/lesson2_blink_w_systick/Inc" -x assembler-with-cpp -MMD -MP -MF"Src/utils.d" -MT"Src/utils.o" --specs=nano.specs -mfpu=fpv4-sp-d16 -mfloat-abi=hard -mthumb -o "Src/utils.o" "../Src/utils.s"
../Src/utils.s: Assembler messages:
../Src/utils.s:3: Error: instruction not supported in Thumb16 mode -- `subs r0,#1'
make: *** [Src/subdir.mk:22: Src/utils.o] Error 1
make: *** Waiting for unfinished jobs....
"make -j8 all" terminated with exit code 2. Build might be incomplete.
20:45:56 **** Incremental Build of configuration Debug for project lesson1_blink ****
make -j8 all 
arm-none-eabi-size  lesson1_blink.elf 
   text	   data	    bss	    dec	    hex	filename
    648	      0	   1568	   2216	    8a8	lesson1_blink.elf
Finished building: default.size.stdout
 
20:45:56 **** Incremental Build of configuration Debug for project lesson2_blink_w_systick ****
make -j8 all 
arm-none-eabi-gcc -mcpu=cortex-m4 -g3 -DDEBUG -c -I"/home/adailton/Dropbox/projects/STM32-Asm/lesson2_blink_w_systick/Inc" -x assembler-with-cpp -MMD -MP -MF"Src/utils.d" -MT"Src/utils.o" --specs=nano.specs -mfpu=fpv4-sp-d16 -mfloat-abi=hard -mthumb -o "Src/utils.o" "../Src/utils.s"
arm-none-eabi-gcc -o "lesson2_blink_w_systick.elf" @"objects.list"   -mcpu=cortex-m4 -T"/home/adailton/Dropbox/projects/STM32-Asm/lesson2_blink_w_systick/STM32F407VETX_FLASH.ld" -Wl,-Map="lesson2_blink_w_systick.map" -Wl,--gc-sections -static --specs=nano.specs -mfpu=fpv4-sp-d16 -mfloat-abi=hard -mthumb -Wl,--start-group -lc -lm -Wl,--end-group
/opt/st/stm32cubeide_1.15.0/plugins/com.st.stm32cube.ide.mcu.externaltools.gnu-tools-for-stm32.12.3.rel1.linux64_1.0.200.202406132123/tools/bin/../lib/gcc/arm-none-eabi/12.3.1/../../../../arm-none-eabi/bin/ld: ./Src/main.o: in function `loop':
/home/adailton/Dropbox/projects/STM32-Asm/lesson2_blink_w_systick/Debug/../Src/main.s:26: undefined reference to `delay'
/opt/st/stm32cubeide_1.15.0/plugins/com.st.stm32cube.ide.mcu.externaltools.gnu-tools-for-stm32.12.3.rel1.linux64_1.0.200.202406132123/tools/bin/../lib/gcc/arm-none-eabi/12.3.1/../../../../arm-none-eabi/bin/ld: /home/adailton/Dropbox/projects/STM32-Asm/lesson2_blink_w_systick/Debug/../Src/main.s:34: undefined reference to `delay'
collect2: error: ld returned 1 exit status
make: *** [makefile:63: lesson2_blink_w_systick.elf] Error 1
"make -j8 all" terminated with exit code 2. Build might be incomplete.
20:46:14 **** Incremental Build of configuration Debug for project lesson1_blink ****
make -j8 all 
arm-none-eabi-size  lesson1_blink.elf 
   text	   data	    bss	    dec	    hex	filename
    648	      0	   1568	   2216	    8a8	lesson1_blink.elf
Finished building: default.size.stdout
 
20:46:14 **** Incremental Build of configuration Debug for project lesson2_blink_w_systick ****
make -j8 all 
arm-none-eabi-gcc -mcpu=cortex-m4 -g3 -DDEBUG -c -I"/home/adailton/Dropbox/projects/STM32-Asm/lesson2_blink_w_systick/Inc" -x assembler-with-cpp -MMD -MP -MF"Src/utils.d" -MT"Src/utils.o" --specs=nano.specs -mfpu=fpv4-sp-d16 -mfloat-abi=hard -mthumb -o "Src/utils.o" "../Src/utils.s"
arm-none-eabi-gcc -o "lesson2_blink_w_systick.elf" @"objects.list"   -mcpu=cortex-m4 -T"/home/adailton/Dropbox/projects/STM32-Asm/lesson2_blink_w_systick/STM32F407VETX_FLASH.ld" -Wl,-Map="lesson2_blink_w_systick.map" -Wl,--gc-sections -static --specs=nano.specs -mfpu=fpv4-sp-d16 -mfloat-abi=hard -mthumb -Wl,--start-group -lc -lm -Wl,--end-group
Finished building target: lesson2_blink_w_systick.elf
 
arm-none-eabi-size  lesson2_blink_w_systick.elf 
arm-none-eabi-objdump -h -S lesson2_blink_w_systick.elf  > "lesson2_blink_w_systick.list"
   text	   data	    bss	    dec	    hex	filename
    652	      0	   1568	   2220	    8ac	lesson2_blink_w_systick.elf
Finished building: default.size.stdout
 
Finished building: lesson2_blink_w_systick.list
 
20:46:33 **** Incremental Build of configuration Debug for project lesson1_blink ****
make -j8 all 
arm-none-eabi-size  lesson1_blink.elf 
   text	   data	    bss	    dec	    hex	filename
    648	      0	   1568	   2216	    8a8	lesson1_blink.elf
Finished building: default.size.stdout
 
20:46:33 **** Incremental Build of configuration Debug for project lesson2_blink_w_systick ****
make -j8 all 
arm-none-eabi-gcc -mcpu=cortex-m4 -g3 -DDEBUG -c -I"/home/adailton/Dropbox/projects/STM32-Asm/lesson2_blink_w_systick/Inc" -x assembler-with-cpp -MMD -MP -MF"Src/main.d" -MT"Src/main.o" --specs=nano.specs -mfpu=fpv4-sp-d16 -mfloat-abi=hard -mthumb -o "Src/main.o" "../Src/main.s"
arm-none-eabi-gcc -o "lesson2_blink_w_systick.elf" @"objects.list"   -mcpu=cortex-m4 -T"/home/adailton/Dropbox/projects/STM32-Asm/lesson2_blink_w_systick/STM32F407VETX_FLASH.ld" -Wl,-Map="lesson2_blink_w_systick.map" -Wl,--gc-sections -static --specs=nano.specs -mfpu=fpv4-sp-d16 -mfloat-abi=hard -mthumb -Wl,--start-group -lc -lm -Wl,--end-group
Finished building target: lesson2_blink_w_systick.elf
 
arm-none-eabi-size  lesson2_blink_w_systick.elf 
arm-none-eabi-objdump -h -S lesson2_blink_w_systick.elf  > "lesson2_blink_w_systick.list"
   text	   data	    bss	    dec	    hex	filename
    652	      0	   1568	   2220	    8ac	lesson2_blink_w_systick.elf
Finished building: default.size.stdout
 
Finished building: lesson2_blink_w_systick.list
 
20:47:41 **** Incremental Build of configuration Debug for project lesson1_blink ****
make -j8 all 
arm-none-eabi-size  lesson1_blink.elf 
   text	   data	    bss	    dec	    hex	filename
    648	      0	   1568	   2216	    8a8	lesson1_blink.elf
Finished building: default.size.stdout
 
20:47:41 **** Incremental Build of configuration Debug for project lesson2_blink_w_systick ****
make -j8 all 
arm-none-eabi-gcc -mcpu=cortex-m4 -g3 -DDEBUG -c -I"/home/adailton/Dropbox/projects/STM32-Asm/lesson2_blink_w_systick/Inc" -x assembler-with-cpp -MMD -MP -MF"Src/main.d" -MT"Src/main.o" --specs=nano.specs -mfpu=fpv4-sp-d16 -mfloat-abi=hard -mthumb -o "Src/main.o" "../Src/main.s"
arm-none-eabi-gcc -mcpu=cortex-m4 -g3 -DDEBUG -c -I"/home/adailton/Dropbox/projects/STM32-Asm/lesson2_blink_w_systick/Inc" -x assembler-with-cpp -MMD -MP -MF"Src/utils.d" -MT"Src/utils.o" --specs=nano.specs -mfpu=fpv4-sp-d16 -mfloat-abi=hard -mthumb -o "Src/utils.o" "../Src/utils.s"
arm-none-eabi-gcc -o "lesson2_blink_w_systick.elf" @"objects.list"   -mcpu=cortex-m4 -T"/home/adailton/Dropbox/projects/STM32-Asm/lesson2_blink_w_systick/STM32F407VETX_FLASH.ld" -Wl,-Map="lesson2_blink_w_systick.map" -Wl,--gc-sections -static --specs=nano.specs -mfpu=fpv4-sp-d16 -mfloat-abi=hard -mthumb -Wl,--start-group -lc -lm -Wl,--end-group
Finished building target: lesson2_blink_w_systick.elf
 
arm-none-eabi-size  lesson2_blink_w_systick.elf 
arm-none-eabi-objdump -h -S lesson2_blink_w_systick.elf  > "lesson2_blink_w_systick.list"
   text	   data	    bss	    dec	    hex	filename
    652	      0	   1568	   2220	    8ac	lesson2_blink_w_systick.elf
Finished building: default.size.stdout
 
Finished building: lesson2_blink_w_systick.list
 
20:47:52 **** Incremental Build of configuration Debug for project lesson1_blink ****
make -j8 all 
arm-none-eabi-size  lesson1_blink.elf 
   text	   data	    bss	    dec	    hex	filename
    648	      0	   1568	   2216	    8a8	lesson1_blink.elf
Finished building: default.size.stdout
 
20:47:52 **** Incremental Build of configuration Debug for project lesson2_blink_w_systick ****
make -j8 all 
arm-none-eabi-gcc -mcpu=cortex-m4 -g3 -DDEBUG -c -I"/home/adailton/Dropbox/projects/STM32-Asm/lesson2_blink_w_systick/Inc" -x assembler-with-cpp -MMD -MP -MF"Src/utils.d" -MT"Src/utils.o" --specs=nano.specs -mfpu=fpv4-sp-d16 -mfloat-abi=hard -mthumb -o "Src/utils.o" "../Src/utils.s"
arm-none-eabi-gcc -o "lesson2_blink_w_systick.elf" @"objects.list"   -mcpu=cortex-m4 -T"/home/adailton/Dropbox/projects/STM32-Asm/lesson2_blink_w_systick/STM32F407VETX_FLASH.ld" -Wl,-Map="lesson2_blink_w_systick.map" -Wl,--gc-sections -static --specs=nano.specs -mfpu=fpv4-sp-d16 -mfloat-abi=hard -mthumb -Wl,--start-group -lc -lm -Wl,--end-group
Finished building target: lesson2_blink_w_systick.elf
 
arm-none-eabi-size  lesson2_blink_w_systick.elf 
arm-none-eabi-objdump -h -S lesson2_blink_w_systick.elf  > "lesson2_blink_w_systick.list"
   text	   data	    bss	    dec	    hex	filename
    652	      0	   1568	   2220	    8ac	lesson2_blink_w_systick.elf
Finished building: default.size.stdout
 
Finished building: lesson2_blink_w_systick.list
 
20:50:18 **** Incremental Build of configuration Debug for project lesson1_blink ****
make -j8 all 
arm-none-eabi-size  lesson1_blink.elf 
   text	   data	    bss	    dec	    hex	filename
    648	      0	   1568	   2216	    8a8	lesson1_blink.elf
Finished building: default.size.stdout
 
20:50:18 **** Incremental Build of configuration Debug for project lesson2_blink_w_systick ****
make -j8 all 
arm-none-eabi-gcc -mcpu=cortex-m4 -g3 -DDEBUG -c -I"/home/adailton/Dropbox/projects/STM32-Asm/lesson2_blink_w_systick/Inc" -x assembler-with-cpp -MMD -MP -MF"Src/utils.d" -MT"Src/utils.o" --specs=nano.specs -mfpu=fpv4-sp-d16 -mfloat-abi=hard -mthumb -o "Src/utils.o" "../Src/utils.s"
arm-none-eabi-gcc -o "lesson2_blink_w_systick.elf" @"objects.list"   -mcpu=cortex-m4 -T"/home/adailton/Dropbox/projects/STM32-Asm/lesson2_blink_w_systick/STM32F407VETX_FLASH.ld" -Wl,-Map="lesson2_blink_w_systick.map" -Wl,--gc-sections -static --specs=nano.specs -mfpu=fpv4-sp-d16 -mfloat-abi=hard -mthumb -Wl,--start-group -lc -lm -Wl,--end-group
Finished building target: lesson2_blink_w_systick.elf
 
arm-none-eabi-size  lesson2_blink_w_systick.elf 
arm-none-eabi-objdump -h -S lesson2_blink_w_systick.elf  > "lesson2_blink_w_systick.list"
   text	   data	    bss	    dec	    hex	filename
    652	      0	   1568	   2220	    8ac	lesson2_blink_w_systick.elf
Finished building: default.size.stdout
 
Finished building: lesson2_blink_w_systick.list
 
